Archive member included because of file (symbol)

/home/fanxiaobo/imx6q-uboot/imx6q-sound-board-uboot/gcc/linux-x86/arm/arm-eabi-4.8/bin/../lib/gcc/arm-eabi/4.8/libgcc.a(_udivsi3.o)
                              arch/arm/cpu/armv7/built-in.o (__aeabi_uidiv)
/home/fanxiaobo/imx6q-uboot/imx6q-sound-board-uboot/gcc/linux-x86/arm/arm-eabi-4.8/bin/../lib/gcc/arm-eabi/4.8/libgcc.a(_divsi3.o)
                              cmd/built-in.o (__aeabi_idiv)
/home/fanxiaobo/imx6q-uboot/imx6q-sound-board-uboot/gcc/linux-x86/arm/arm-eabi-4.8/bin/../lib/gcc/arm-eabi/4.8/libgcc.a(_dvmd_tls.o)
                              /home/fanxiaobo/imx6q-uboot/imx6q-sound-board-uboot/gcc/linux-x86/arm/arm-eabi-4.8/bin/../lib/gcc/arm-eabi/4.8/libgcc.a(_udivsi3.o) (__aeabi_idiv0)
/home/fanxiaobo/imx6q-uboot/imx6q-sound-board-uboot/gcc/linux-x86/arm/arm-eabi-4.8/bin/../lib/gcc/arm-eabi/4.8/libgcc.a(_lshrdi3.o)
                              fs/built-in.o (__aeabi_llsr)
/home/fanxiaobo/imx6q-uboot/imx6q-sound-board-uboot/gcc/linux-x86/arm/arm-eabi-4.8/bin/../lib/gcc/arm-eabi/4.8/libgcc.a(_ashldi3.o)
                              drivers/mmc/built-in.o (__aeabi_llsl)

Discarded input sections

 .data          0x0000000000000000        0x0 arch/arm/cpu/armv7/start.o
 .bss           0x0000000000000000        0x0 arch/arm/cpu/armv7/start.o
 .text.v7_outer_cache_enable
                0x0000000000000000        0x4 arch/arm/cpu/armv7/built-in.o
 .text.v7_outer_cache_disable
                0x0000000000000000        0x4 arch/arm/cpu/armv7/built-in.o
 .text.v7_outer_cache_flush_all
                0x0000000000000000        0x4 arch/arm/cpu/armv7/built-in.o
 .text.v7_outer_cache_inval_all
                0x0000000000000000        0x4 arch/arm/cpu/armv7/built-in.o
 .text.v7_outer_cache_flush_range
                0x0000000000000000        0x4 arch/arm/cpu/armv7/built-in.o
 .text.v7_outer_cache_inval_range
                0x0000000000000000        0x4 arch/arm/cpu/armv7/built-in.o
 .text.v7_arch_cp15_set_l2aux_ctrl
                0x0000000000000000        0x8 arch/arm/cpu/armv7/built-in.o
 .text.v7_arch_cp15_set_acr
                0x0000000000000000        0x8 arch/arm/cpu/armv7/built-in.o
 .text.sdelay   0x0000000000000000        0xc arch/arm/cpu/armv7/built-in.o
 .text.wait_on_value
                0x0000000000000000       0x34 arch/arm/cpu/armv7/built-in.o
 .text.board_mmc_get_env_dev
                0x0000000000000000        0x8 arch/arm/cpu/armv7/built-in.o
 .text.set_arm_freq_400M
                0x0000000000000000       0x2c arch/arm/cpu/armv7/built-in.o
 .text.enable_enet_clk
                0x0000000000000000       0x64 arch/arm/cpu/armv7/built-in.o
 .text.enable_uart_clk
                0x0000000000000000       0x54 arch/arm/cpu/armv7/built-in.o
 .text.enable_usdhc_clk
                0x0000000000000000       0x4c arch/arm/cpu/armv7/built-in.o
 .text.enable_spi_clk
                0x0000000000000000       0x44 arch/arm/cpu/armv7/built-in.o
 .data          0x0000000000000000        0x0 arch/arm/cpu/armv7/built-in.o
 .bss           0x0000000000000000        0x0 arch/arm/cpu/armv7/built-in.o
 .text          0x0000000000000000        0x0 arch/arm/imx-common/built-in.o
 .text.get_imx_reset_cause
                0x0000000000000000       0x10 arch/arm/imx-common/built-in.o
 .text.set_chipselect_size
                0x0000000000000000       0x84 arch/arm/imx-common/built-in.o
 .text.mxs_wait_mask_set
                0x0000000000000000       0x40 arch/arm/imx-common/built-in.o
 .text.mxs_wait_mask_clr
                0x0000000000000000       0x3c arch/arm/imx-common/built-in.o
 .text.mxs_reset_block
                0x0000000000000000       0x90 arch/arm/imx-common/built-in.o
 .text.detect_hdmi
                0x0000000000000000       0x18 arch/arm/imx-common/built-in.o
 .data          0x0000000000000000        0x0 arch/arm/imx-common/built-in.o
 .bss           0x0000000000000000        0x0 arch/arm/imx-common/built-in.o
 .text.reset_misc
                0x0000000000000000        0x4 arch/arm/lib/built-in.o
 .text.enable_caches
                0x0000000000000000        0xc arch/arm/lib/built-in.o
 .text.invalidate_dcache_range
                0x0000000000000000        0x4 arch/arm/lib/built-in.o
 .text.flush_dcache_range
                0x0000000000000000        0x4 arch/arm/lib/built-in.o
 .text.flush_dcache_all
                0x0000000000000000        0xc arch/arm/lib/built-in.o
 .text.arm_init_before_mmu
                0x0000000000000000        0x4 arch/arm/lib/built-in.o
 .text.mmu_page_table_flush
                0x0000000000000000        0x4 arch/arm/lib/built-in.o
 .rodata.pl310  0x0000000000000000        0x4 arch/arm/lib/built-in.o
 .data          0x0000000000000000        0x0 arch/arm/lib/built-in.o
 .__secure_start
                0x0000000000000000        0x0 arch/arm/lib/built-in.o
 .__secure_end  0x0000000000000000        0x0 arch/arm/lib/built-in.o
 .bss           0x0000000000000000        0x0 arch/arm/lib/built-in.o
[...]
Memory Configuration

Name             Origin             Length             Attributes
*default*        0x0000000000000000 0xffffffffffffffff

Linker script and memory map

Address of section .text set to 0x17800000
                0x0000000000000000                . = 0x0
                0x0000000000000000                . = ALIGN (0x4)

.text           0x0000000017800000    0x49590
 *(.__image_copy_start)
 .__image_copy_start
                0x0000000017800000        0x0 arch/arm/lib/built-in.o
                0x0000000017800000                __image_copy_start
 *(.vectors)
 .vectors       0x0000000017800000      0x300 arch/arm/lib/built-in.o
                0x0000000017800000                _start
                0x0000000017800020                _undefined_instruction
                0x0000000017800024                _software_interrupt
                0x0000000017800028                _prefetch_abort
                0x000000001780002c                _data_abort
                0x0000000017800030                _not_used
                0x0000000017800034                _irq
                0x0000000017800038                _fiq
                0x0000000017800040                IRQ_STACK_START_IN
 arch/arm/cpu/armv7/start.o(.text*)
 .text          0x0000000017800300       0xec arch/arm/cpu/armv7/start.o
                0x0000000017800300                reset
                0x0000000017800304                save_boot_params_ret
                0x0000000017800340                c_runtime_cpu_setup
                0x0000000017800350                save_boot_params
                0x0000000017800354                cpu_init_cp15
                0x00000000178003e4                cpu_init_crit
 *(.text*)
 .text          0x00000000178003ec       0x24 arch/arm/cpu/armv7/built-in.o
                0x00000000178003ec                lowlevel_init
 .text.v7_maint_dcache_all
                0x0000000017800410       0xd4 arch/arm/cpu/armv7/built-in.o
 .text.v7_dcache_inval_range
                0x00000000178004e4       0x80 arch/arm/cpu/armv7/built-in.o
 .text.invalidate_icache_all
                0x0000000017800564       0x18 arch/arm/cpu/armv7/built-in.o
                0x0000000017800564                invalidate_icache_all
 .text.flush_dcache_all
                0x000000001780057c       0x14 arch/arm/cpu/armv7/built-in.o
                0x000000001780057c                flush_dcache_all
 .text.invalidate_dcache_all
                0x0000000017800590       0x14 arch/arm/cpu/armv7/built-in.o
                0x0000000017800590                invalidate_dcache_all
 .text.arm_init_before_mmu
                0x00000000178005a4       0x28 arch/arm/cpu/armv7/built-in.o
                0x00000000178005a4                arm_init_before_mmu
 .text.flush_dcache_range
                0x00000000178005cc       0x38 arch/arm/cpu/armv7/built-in.o
                0x00000000178005cc                flush_dcache_range
 .text.mmu_page_table_flush
                0x0000000017800604       0x24 arch/arm/cpu/armv7/built-in.o
                0x0000000017800604                mmu_page_table_flush
 .text.invalidate_dcache_range
                0x0000000017800628       0x38 arch/arm/cpu/armv7/built-in.o
                0x0000000017800628                invalidate_dcache_range
 .text.cpu_cache_initialization
                0x0000000017800660        0x4 arch/arm/cpu/armv7/built-in.o
                0x0000000017800660                cpu_cache_initialization
 .text.cleanup_before_linux_select
                0x0000000017800664       0x4c arch/arm/cpu/armv7/built-in.o
                0x0000000017800664                cleanup_before_linux_select
 .text.cleanup_before_linux
                0x00000000178006b0        0x8 arch/arm/cpu/armv7/built-in.o
                0x00000000178006b0                cleanup_before_linux
 .text.get_nr_cpus
                0x00000000178006b8       0x10 arch/arm/cpu/armv7/built-in.o
                0x00000000178006b8                get_nr_cpus
 .text.get_cpu_rev
                0x00000000178006c8       0x9c arch/arm/cpu/armv7/built-in.o
                0x00000000178006c8                get_cpu_rev
 .text.set_ldo_voltage
                0x0000000017800764       0xd4 arch/arm/cpu/armv7/built-in.o
 .text.get_cpu_speed_grade_hz
                0x0000000017800838      0x13c arch/arm/cpu/armv7/built-in.o
                0x0000000017800838                get_cpu_speed_grade_hz
 .text.get_cpu_temp_grade
                0x0000000017800974       0x68 arch/arm/cpu/armv7/built-in.o
                0x0000000017800974                get_cpu_temp_grade
 .text.get_board_rev
                0x00000000178009dc       0x40 arch/arm/cpu/armv7/built-in.o
                0x00000000178009dc                get_board_rev
 .text.arch_cpu_init
                0x0000000017800a1c      0x370 arch/arm/cpu/armv7/built-in.o
                0x0000000017800a1c                arch_cpu_init
 .text.mmc_get_env_dev
                0x0000000017800d8c       0x28 arch/arm/cpu/armv7/built-in.o
                0x0000000017800d8c                mmc_get_env_dev
 .text.board_mmc_get_env_part
                0x0000000017800db4        0x8 arch/arm/cpu/armv7/built-in.o
                0x0000000017800db4                board_mmc_get_env_part
 .text.mmc_get_env_part
                0x0000000017800dbc       0x28 arch/arm/cpu/armv7/built-in.o
                0x0000000017800dbc                mmc_get_env_part
 .text.board_postclk_init
                0x0000000017800de4       0x28 arch/arm/cpu/armv7/built-in.o
                0x0000000017800de4                board_postclk_init
 .text.get_board_serial
                0x0000000017800e0c       0x1c arch/arm/cpu/armv7/built-in.o
                0x0000000017800e0c                get_board_serial
 .text.imx_get_mac_from_fuse
                0x0000000017800e28       0xc0 arch/arm/cpu/armv7/built-in.o
                0x0000000017800e28                imx_get_mac_from_fuse
 .text.get_boot_device
                0x0000000017800ee8       0x9c arch/arm/cpu/armv7/built-in.o
                0x0000000017800ee8                get_boot_device
 .text.set_wdog_reset
                0x0000000017800f84       0x18 arch/arm/cpu/armv7/built-in.o
                0x0000000017800f84                set_wdog_reset
 .text.reset_misc
                0x0000000017800f9c        0x4 arch/arm/cpu/armv7/built-in.o
                0x0000000017800f9c                reset_misc
 .text.s_init   0x0000000017800fa0       0xa8 arch/arm/cpu/armv7/built-in.o
                0x0000000017800fa0                s_init
 .text.imx_enable_hdmi_phy
                0x0000000017801048       0x5c arch/arm/cpu/armv7/built-in.o
                0x0000000017801048                imx_enable_hdmi_phy
 .text.imx_setup_hdmi
                0x00000000178010a4       0x8c arch/arm/cpu/armv7/built-in.o
                0x00000000178010a4                imx_setup_hdmi
 .text.check_ldo_bypass
                0x0000000017801130       0x7c arch/arm/cpu/armv7/built-in.o
                0x0000000017801130                check_ldo_bypass
 .text.check_1_2G
                0x00000000178011ac       0x5c arch/arm/cpu/armv7/built-in.o
                0x00000000178011ac                check_1_2G
 .text.prep_anatop_bypass
                0x0000000017801208       0x68 arch/arm/cpu/armv7/built-in.o
                0x0000000017801208                prep_anatop_bypass
 .text.set_anatop_bypass
                0x0000000017801270       0x50 arch/arm/cpu/armv7/built-in.o
                0x0000000017801270                set_anatop_bypass
 .text.finish_anatop_bypass
                0x00000000178012c0       0x28 arch/arm/cpu/armv7/built-in.o
                0x00000000178012c0                finish_anatop_bypass
 .text.recovery_check_and_clean_flag
                0x00000000178012e8       0x44 arch/arm/cpu/armv7/built-in.o
                0x00000000178012e8                recovery_check_and_clean_flag
 .text.fastboot_check_and_clean_flag
                0x000000001780132c       0x28 arch/arm/cpu/armv7/built-in.o
                0x000000001780132c                fastboot_check_and_clean_flag
 .text.fastboot_enable_flag
                0x0000000017801354       0x18 arch/arm/cpu/armv7/built-in.o
                0x0000000017801354                fastboot_enable_flag
 .text.get_ipg_clk
                0x000000001780136c       0x28 arch/arm/cpu/armv7/built-in.o
 .text.get_uart_clk
                0x0000000017801394       0xd4 arch/arm/cpu/armv7/built-in.o
 .text.mxc_get_pll_pfd
                0x0000000017801468       0xe0 arch/arm/cpu/armv7/built-in.o
 .text.get_usdhc_clk
                0x0000000017801548       0xe0 arch/arm/cpu/armv7/built-in.o
 .text.enable_ocotp_clk
                0x0000000017801628       0x24 arch/arm/cpu/armv7/built-in.o
                0x0000000017801628                enable_ocotp_clk
 .text.enable_usboh3_clk
                0x000000001780164c       0x24 arch/arm/cpu/armv7/built-in.o
                0x000000001780164c                enable_usboh3_clk
 .text.enable_i2c_clk
                0x0000000017801670       0xcc arch/arm/cpu/armv7/built-in.o
                0x0000000017801670                enable_i2c_clk
 .text.get_periph_clk
                0x000000001780173c       0xe0 arch/arm/cpu/armv7/built-in.o
                0x000000001780173c                get_periph_clk
 .text.get_axi_clk
                0x000000001780181c       0x4c arch/arm/cpu/armv7/built-in.o
 .text.enable_fec_anatop_clock
                0x0000000017801868       0xec arch/arm/cpu/armv7/built-in.o
                0x0000000017801868                enable_fec_anatop_clock
 .text.imx_get_uartclk
                0x0000000017801954        0x4 arch/arm/cpu/armv7/built-in.o
                0x0000000017801954                imx_get_uartclk
 .text.enable_thermal_clk
                0x0000000017801958       0x4c arch/arm/cpu/armv7/built-in.o
                0x0000000017801958                enable_thermal_clk
 .text.mxc_get_clock
                0x00000000178019a4      0x4e4 arch/arm/cpu/armv7/built-in.o
                0x00000000178019a4                mxc_get_clock
 .text.imx_get_fecclk
                0x0000000017801e88        0x8 arch/arm/cpu/armv7/built-in.o
                0x0000000017801e88                imx_get_fecclk
 .text.do_mx6_showclocks
                0x0000000017801e90      0x280 arch/arm/cpu/armv7/built-in.o
                0x0000000017801e90                do_mx6_showclocks
 .text.enable_ipu_clock
                0x0000000017802110       0x94 arch/arm/cpu/armv7/built-in.o
                0x0000000017802110                enable_ipu_clock
 .text.cpu_reset
                0x00000000178021a4       0x28 arch/arm/cpu/armv7/built-in.o
                0x00000000178021a4                cpu_reset
 .text.cpu_status
                0x00000000178021cc       0x40 arch/arm/cpu/armv7/built-in.o
                0x00000000178021cc                cpu_status
 .text.cpu_release
                0x000000001780220c       0x80 arch/arm/cpu/armv7/built-in.o
                0x000000001780220c                cpu_release
 .text.is_core_valid
                0x000000001780228c       0x1c arch/arm/cpu/armv7/built-in.o
                0x000000001780228c                is_core_valid
 .text.cpu_disable
                0x00000000178022a8       0x28 arch/arm/cpu/armv7/built-in.o
                0x00000000178022a8                cpu_disable
 .text.imx_iomux_v3_setup_pad
                0x00000000178022d0       0xd8 arch/arm/imx-common/built-in.o
                0x00000000178022d0                imx_iomux_v3_setup_pad
 .text.imx_iomux_v3_setup_multiple_pads
                0x00000000178023a8       0x30 arch/arm/imx-common/built-in.o
                0x00000000178023a8                imx_iomux_v3_setup_multiple_pads
 .text.imx_iomux_set_gpr_register
                0x00000000178023d8       0x3c arch/arm/imx-common/built-in.o
                0x00000000178023d8                imx_iomux_set_gpr_register
 .text.imx_ddr_size
                0x0000000017802414       0x68 arch/arm/imx-common/built-in.o
                0x0000000017802414                imx_ddr_size
 .text.get_imx_type
                0x000000001780247c       0x20 arch/arm/imx-common/built-in.o
                0x000000001780247c                get_imx_type
 .text.print_cpuinfo
                0x000000001780249c      0x258 arch/arm/imx-common/built-in.o
                0x000000001780249c                print_cpuinfo
 .text.cpu_eth_init
                0x00000000178026f4        0x4 arch/arm/imx-common/built-in.o
                0x00000000178026f4                cpu_eth_init
 .text.cpu_mmc_init
                0x00000000178026f8        0x4 arch/arm/imx-common/built-in.o
                0x00000000178026f8                cpu_mmc_init
 .text.get_ahb_clk
                0x00000000178026fc       0x24 arch/arm/imx-common/built-in.o
                0x00000000178026fc                get_ahb_clk
 .text.arch_preboot_os
                0x0000000017802720       0x14 arch/arm/imx-common/built-in.o
                0x0000000017802720                arch_preboot_os
 .text.get_clocks
                0x0000000017802734       0x1c arch/arm/imx-common/built-in.o
                0x0000000017802734                get_clocks
 .text.force_idle_bus
                0x0000000017802750      0x1c4 arch/arm/imx-common/built-in.o
                0x0000000017802750                force_idle_bus
 .text.setup_i2c
                0x0000000017802914       0xe0 arch/arm/imx-common/built-in.o
                0x0000000017802914                setup_i2c
 .text.enable_caches
                0x00000000178029f4       0x34 arch/arm/imx-common/built-in.o
                0x00000000178029f4                enable_caches
 .text.v7_outer_cache_enable
                0x0000000017802a28       0x7c arch/arm/imx-common/built-in.o
                0x0000000017802a28                v7_outer_cache_enable
 .text.v7_outer_cache_disable
                0x0000000017802aa4       0x18 arch/arm/imx-common/built-in.o
                0x0000000017802aa4                v7_outer_cache_disable
 .text.init_aips
                0x0000000017802abc       0xc4 arch/arm/imx-common/built-in.o
                0x0000000017802abc                init_aips
 .text.imx_set_wdog_powerdown
                0x0000000017802b80       0xa4 arch/arm/imx-common/built-in.o
                0x0000000017802b80                imx_set_wdog_powerdown
 .text.init_src
                0x0000000017802c24       0x18 arch/arm/imx-common/built-in.o
                0x0000000017802c24                init_src
 .text.boot_mode_apply
                0x0000000017802c3c       0x28 arch/arm/imx-common/built-in.o
                0x0000000017802c3c                boot_mode_apply
 .text.board_video_skip
                0x0000000017802c64      0x164 arch/arm/imx-common/built-in.o
                0x0000000017802c64                board_video_skip
 .text.timer_init
                0x0000000017802dc8      0x198 arch/arm/imx-common/built-in.o
                0x0000000017802dc8                timer_init
 .text.timer_read_counter
                0x0000000017802f60       0x10 arch/arm/imx-common/built-in.o
                0x0000000017802f60                timer_read_counter
 .text.get_tbclk
                0x0000000017802f70       0xd0 arch/arm/imx-common/built-in.o
                0x0000000017802f70                get_tbclk
 .text.create_usage
                0x0000000017803040       0xa0 arch/arm/imx-common/built-in.o
 .text.do_boot_mode
                0x00000000178030e0       0xd0 arch/arm/imx-common/built-in.o
 .text.add_board_boot_modes
                0x00000000178031b0       0x60 arch/arm/imx-common/built-in.o
                0x00000000178031b0                add_board_boot_modes
 .text          0x0000000017803210       0x90 arch/arm/lib/built-in.o
                0x0000000017803210                _main
 .text.relocate_vectors
                0x00000000178032a0       0x70 arch/arm/lib/built-in.o
                0x00000000178032a0                relocate_vectors
                0x00000000178032ac                relocate_code
 .text.arch_fixup_fdt
                0x0000000017803310       0x38 arch/arm/lib/built-in.o
                0x0000000017803310                arch_fixup_fdt
 .text.boot_jump_linux
                0x0000000017803348       0xc4 arch/arm/lib/built-in.o
 .text.arch_lmb_reserve
                0x000000001780340c       0x24 arch/arm/lib/built-in.o
                0x000000001780340c                arch_lmb_reserve
 .text.setup_board_tags
                0x0000000017803430        0x4 arch/arm/lib/built-in.o
                0x0000000017803430                setup_board_tags
 .text.boot_prep_linux
                0x0000000017803434      0x20c arch/arm/lib/built-in.o
 .text.do_bootm_linux
                0x0000000017803640       0x60 arch/arm/lib/built-in.o
                0x0000000017803640                do_bootm_linux
 .text.bootz_setup
                0x00000000178036a0       0x60 arch/arm/lib/built-in.o
                0x00000000178036a0                bootz_setup
 .text.boot_prep_vxworks
                0x0000000017803700       0x4c arch/arm/lib/built-in.o
                0x0000000017803700                boot_prep_vxworks
 .text.boot_jump_vxworks
                0x000000001780374c       0x14 arch/arm/lib/built-in.o
                0x000000001780374c                boot_jump_vxworks
 .text.pl310_background_op_all_ways
                0x0000000017803760       0x3c arch/arm/lib/built-in.o
 .text.v7_outer_cache_inval_all
                0x000000001780379c        0xc arch/arm/lib/built-in.o
                0x000000001780379c                v7_outer_cache_inval_all
 .text.v7_outer_cache_flush_all
                0x00000000178037a8        0xc arch/arm/lib/built-in.o
                0x00000000178037a8                v7_outer_cache_flush_all
 .text.v7_outer_cache_flush_range
                0x00000000178037b4       0x30 arch/arm/lib/built-in.o
                0x00000000178037b4                v7_outer_cache_flush_range
 .text.v7_outer_cache_inval_range
                0x00000000178037e4       0x80 arch/arm/lib/built-in.o
                0x00000000178037e4                v7_outer_cache_inval_range
 .text.arch_reserve_stacks
                0x0000000017803864       0x1c arch/arm/lib/built-in.o
                0x0000000017803864                arch_reserve_stacks
 .text.interrupt_init
                0x0000000017803880       0x1c arch/arm/lib/built-in.o
                0x0000000017803880                interrupt_init
 .text.enable_interrupts
                0x000000001780389c        0x4 arch/arm/lib/built-in.o
                0x000000001780389c                enable_interrupts
 .text.disable_interrupts
                0x00000000178038a0        0x8 arch/arm/lib/built-in.o
                0x00000000178038a0                disable_interrupts
 .text.bad_mode
                0x00000000178038a8       0x10 arch/arm/lib/built-in.o
                0x00000000178038a8                bad_mode
 .text.show_regs
                0x00000000178038b8      0x174 arch/arm/lib/built-in.o
                0x00000000178038b8                show_regs
 .text.do_undefined_instruction
                0x0000000017803a2c       0x20 arch/arm/lib/built-in.o
                0x0000000017803a2c                do_undefined_instruction
 .text.do_software_interrupt
                0x0000000017803a4c       0x20 arch/arm/lib/built-in.o
                0x0000000017803a4c                do_software_interrupt
 .text.do_prefetch_abort
                0x0000000017803a6c       0x20 arch/arm/lib/built-in.o
                0x0000000017803a6c                do_prefetch_abort
 .text.do_data_abort
                0x0000000017803a8c       0x20 arch/arm/lib/built-in.o
                0x0000000017803a8c                do_data_abort
 .text.do_not_used
                0x0000000017803aac       0x20 arch/arm/lib/built-in.o
                0x0000000017803aac                do_not_used
 .text.do_fiq   0x0000000017803acc       0x20 arch/arm/lib/built-in.o
                0x0000000017803acc                do_fiq
 .text.do_irq   0x0000000017803aec       0x20 arch/arm/lib/built-in.o
                0x0000000017803aec                do_irq
 .text.do_reset
                0x0000000017803b0c       0x30 arch/arm/lib/built-in.o
                0x0000000017803b0c                do_reset
 .text.flush_cache
                0x0000000017803b3c        0x8 arch/arm/lib/built-in.o
                0x0000000017803b3c                flush_cache
 .text.cp_delay
                0x0000000017803b44       0x30 arch/arm/lib/built-in.o
 .text.arm_init_domains
                0x0000000017803b74        0x4 arch/arm/lib/built-in.o
                0x0000000017803b74                arm_init_domains
 .text.set_section_dcache
                0x0000000017803b78       0x14 arch/arm/lib/built-in.o
                0x0000000017803b78                set_section_dcache
 .text.mmu_set_region_dcache_behaviour
                0x0000000017803b8c       0x50 arch/arm/lib/built-in.o
                0x0000000017803b8c                mmu_set_region_dcache_behaviour
 .text.dram_bank_mmu_setup
                0x0000000017803bdc       0x44 arch/arm/lib/built-in.o
                0x0000000017803bdc                dram_bank_mmu_setup
 .text.icache_enable
                0x0000000017803c20       0x18 arch/arm/lib/built-in.o
                0x0000000017803c20                icache_enable
 .text.icache_disable
                0x0000000017803c38       0x20 arch/arm/lib/built-in.o
                0x0000000017803c38                icache_disable
 .text.icache_status
                0x0000000017803c58        0xc arch/arm/lib/built-in.o
                0x0000000017803c58                icache_status
 .text.dcache_enable
                0x0000000017803c64       0x78 arch/arm/lib/built-in.o
                0x0000000017803c64                dcache_enable
 .text.dcache_disable
                0x0000000017803cdc       0x2c arch/arm/lib/built-in.o
                0x0000000017803cdc                dcache_disable
 .text.dcache_status
                0x0000000017803d08        0xc arch/arm/lib/built-in.o
                0x0000000017803d08                dcache_status
 .text.pfuze_mode_init
                0x0000000017803d14       0xdc board/freescale/common/built-in.o
                0x0000000017803d14                pfuze_mode_init
 .text.pfuze_common_init
                0x0000000017803df0      0x10c board/freescale/common/built-in.o
                0x0000000017803df0                pfuze_common_init
 .text.board_late_mmc_env_init
                0x0000000017803efc       0x9c board/freescale/common/built-in.o
                0x0000000017803efc                board_late_mmc_env_init
 .text.check_recovery_mode
                0x0000000017803f98       0x34 board/freescale/common/built-in.o
                0x0000000017803f98                check_recovery_mode
 .text.enable_lvds
                0x0000000017803fcc       0x14 board/freescale/mx6sabresd/built-in.o
 .text.enable_rgb
                0x0000000017803fe0       0x24 board/freescale/mx6sabresd/built-in.o
 .text.do_enable_hdmi
                0x0000000017804004       0x18 board/freescale/mx6sabresd/built-in.o
 .text.dram_init
                0x000000001780401c       0x18 board/freescale/mx6sabresd/built-in.o
                0x000000001780401c                dram_init
 .text.board_spi_cs_gpio
                0x0000000017804034       0x10 board/freescale/mx6sabresd/built-in.o
                0x0000000017804034                board_spi_cs_gpio
 .text.board_mmc_get_env_dev
                0x0000000017804044        0x8 board/freescale/mx6sabresd/built-in.o
                0x0000000017804044                board_mmc_get_env_dev
 .text.mmc_map_to_kernel_blk
                0x000000001780404c        0x8 board/freescale/mx6sabresd/built-in.o
                0x000000001780404c                mmc_map_to_kernel_blk
 .text.board_mmc_getcd
                0x0000000017804054       0x48 board/freescale/mx6sabresd/built-in.o
                0x0000000017804054                board_mmc_getcd
 .text.board_mmc_init
                0x000000001780409c       0xb8 board/freescale/mx6sabresd/built-in.o
                0x000000001780409c                board_mmc_init
 .text.mx6_rgmii_rework
                0x0000000017804154      0x110 board/freescale/mx6sabresd/built-in.o
                0x0000000017804154                mx6_rgmii_rework
 .text.board_phy_config
                0x0000000017804264       0x2c board/freescale/mx6sabresd/built-in.o
                0x0000000017804264                board_phy_config
 .text.overwrite_console
                0x0000000017804290        0x8 board/freescale/mx6sabresd/built-in.o
                0x0000000017804290                overwrite_console
 .text.board_eth_init
                0x0000000017804298       0x5c board/freescale/mx6sabresd/built-in.o
                0x0000000017804298                board_eth_init
 .text.board_ehci_hcd_init
                0x00000000178042f4       0x28 board/freescale/mx6sabresd/built-in.o
                0x00000000178042f4                board_ehci_hcd_init
 .text.board_ehci_power
                0x000000001780431c       0x48 board/freescale/mx6sabresd/built-in.o
                0x000000001780431c                board_ehci_power
 .text.board_early_init_f
                0x0000000017804364       0x8c board/freescale/mx6sabresd/built-in.o
                0x0000000017804364                board_early_init_f
 .text.board_init
                0x00000000178043f0       0xd4 board/freescale/mx6sabresd/built-in.o
                0x00000000178043f0                board_init
 .text.power_init_board
                0x00000000178044c4      0x268 board/freescale/mx6sabresd/built-in.o
                0x00000000178044c4                power_init_board
 .text.ldo_mode_set
                0x000000001780472c      0x2c0 board/freescale/mx6sabresd/built-in.o
                0x000000001780472c                ldo_mode_set
 .text.board_late_init
                0x00000000178049ec       0xc8 board/freescale/mx6sabresd/built-in.o
                0x00000000178049ec                board_late_init
 .text.checkboard
                0x0000000017804ab4       0x18 board/freescale/mx6sabresd/built-in.o
                0x0000000017804ab4                checkboard
 .text.board_fastboot_setup
                0x0000000017804acc      0x110 board/freescale/mx6sabresd/built-in.o
                0x0000000017804acc                board_fastboot_setup
 .text.check_recovery_cmd_file
                0x0000000017804bdc       0x58 board/freescale/mx6sabresd/built-in.o
                0x0000000017804bdc                check_recovery_cmd_file
 .text.board_recovery_setup
                0x0000000017804c34       0xd4 board/freescale/mx6sabresd/built-in.o
                0x0000000017804c34                board_recovery_setup
 .text.do_go_exec
                0x0000000017804d08       0x18 cmd/built-in.o
                0x0000000017804d08                do_go_exec
 .text.do_go    0x0000000017804d20       0x70 cmd/built-in.o
 .text.do_bootm
                0x0000000017804d90      0x108 cmd/built-in.o
                0x0000000017804d90                do_bootm
 .text.do_bootd
                0x0000000017804e98       0x20 cmd/built-in.o
                0x0000000017804e98                do_bootd
 .text.image_info
                0x0000000017804eb8       0xd0 cmd/built-in.o
 .text.do_iminfo
                0x0000000017804f88       0x60 cmd/built-in.o
 .text.bootm_maybe_autostart
                0x0000000017804fe8       0x78 cmd/built-in.o
                0x0000000017804fe8                bootm_maybe_autostart
 .text.do_bootz
                0x0000000017805060       0xf8 cmd/built-in.o
                0x0000000017805060                do_bootz
 .text.do_help  0x0000000017805158       0x48 cmd/built-in.o
 .text.do_version
                0x00000000178051a0       0x38 cmd/built-in.o
 .text.source   0x00000000178051d8       0xdc cmd/built-in.o
                0x00000000178051d8                source
 .text.do_source
                0x00000000178052b4       0x44 cmd/built-in.o
 .text.print_num
                0x00000000178052f8       0x18 cmd/built-in.o
 .text.do_bdinfo
                0x0000000017805310      0x18c cmd/built-in.o
 .text.parse_argv
                0x000000001780549c       0x60 cmd/built-in.o
 .text.do_icache
                0x00000000178054fc       0x88 cmd/built-in.o
 .text.do_dcache
                0x0000000017805584       0x88 cmd/built-in.o
 .text.do_coninfo
                0x000000001780560c       0xb0 cmd/built-in.o
 .text.do_echo  0x00000000178056bc       0xb0 cmd/built-in.o
 .text.load_elf_image_shdr
                0x000000001780576c       0x8c cmd/built-in.o
 .text.valid_elf_image
                0x00000000178057f8       0x4c cmd/built-in.o
                0x00000000178057f8                valid_elf_image
 .text.do_bootelf
                0x0000000017805844      0x1b4 cmd/built-in.o
                0x0000000017805844                do_bootelf
 .text.do_bootvx
                0x00000000178059f8      0x348 cmd/built-in.o
                0x00000000178059f8                do_bootvx
 .text.do_exit  0x0000000017805d40       0x30 cmd/built-in.o
 .text.do_ext4_size
                0x0000000017805d70       0x18 cmd/built-in.o
                0x0000000017805d70                do_ext4_size
 .text.do_ext4_load
                0x0000000017805d88       0x18 cmd/built-in.o
                0x0000000017805d88                do_ext4_load
 .text.do_ext4_ls
                0x0000000017805da0       0x18 cmd/built-in.o
                0x0000000017805da0                do_ext4_ls
 .text.do_ext4_write
                0x0000000017805db8       0x18 cmd/built-in.o
                0x0000000017805db8                do_ext4_write
 .text.do_ext2load
                0x0000000017805dd0       0x18 cmd/built-in.o
                0x0000000017805dd0                do_ext2load
 .text.do_ext2ls
                0x0000000017805de8       0x18 cmd/built-in.o
 .text.do_fat_size
                0x0000000017805e00       0x18 cmd/built-in.o
                0x0000000017805e00                do_fat_size
 .text.do_fat_fsload
                0x0000000017805e18       0x18 cmd/built-in.o
                0x0000000017805e18                do_fat_fsload
 .text.do_fat_ls
                0x0000000017805e30       0x18 cmd/built-in.o
 .text.do_fat_fsinfo
                0x0000000017805e48       0x90 cmd/built-in.o
 .text.fdt_valid
                0x0000000017805ed8       0xbc cmd/built-in.o
 .text.is_printable_string
                0x0000000017805f94       0x88 cmd/built-in.o
 .text.print_data
                0x000000001780601c      0x170 cmd/built-in.o
 .text.set_working_fdt_addr
                0x000000001780618c       0x1c cmd/built-in.o
                0x000000001780618c                set_working_fdt_addr
 .text.do_fdt   0x00000000178061a8      0xe94 cmd/built-in.o
 .text.do_flinfo
                0x000000001780703c        0x8 cmd/built-in.o
 .text.do_flerase
                0x0000000017807044        0x8 cmd/built-in.o
 .text.do_protect
                0x000000001780704c       0x10 cmd/built-in.o
 .text.do_size_wrapper
                0x000000001780705c       0x18 cmd/built-in.o
 .text.do_load_wrapper
                0x0000000017807074       0x18 cmd/built-in.o
 .text.do_save_wrapper
                0x000000001780708c       0x18 cmd/built-in.o
 .text.do_ls_wrapper
                0x00000000178070a4       0x18 cmd/built-in.o
 .text.do_fstype_wrapper
                0x00000000178070bc        0x4 cmd/built-in.o
 .text.strtou32
                0x00000000178070c0       0x48 cmd/built-in.o
 .text.do_fuse  0x0000000017807108      0x354 cmd/built-in.o
 .text.name_to_gpio
                0x000000001780745c        0xc cmd/built-in.o
                0x000000001780745c                name_to_gpio
 .text.do_gpio  0x0000000017807468      0x154 cmd/built-in.o
 .text.do_i2c   0x00000000178075bc       0x5c cmd/built-in.o
 .text.do_i2c_bus_speed
                0x0000000017807618       0x78 cmd/built-in.o
 .text.do_i2c_reset
                0x0000000017807690       0x30 cmd/built-in.o
 .text.do_i2c_probe
                0x00000000178076c0       0x9c cmd/built-in.o
 .text.do_i2c_bus_num
                0x000000001780775c       0xbc cmd/built-in.o
 .text.do_i2c_show_bus
                0x0000000017807818       0xdc cmd/built-in.o
 .text.get_alen.constprop.4
                0x00000000178078f4       0x3c cmd/built-in.o
 .text.do_i2c_crc
                0x0000000017807930      0x120 cmd/built-in.o
 .text.do_i2c_write
                0x0000000017807a50      0x14c cmd/built-in.o
 .text.do_i2c_mw
                0x0000000017807b9c       0xfc cmd/built-in.o
 .text.do_i2c_read
                0x0000000017807c98       0xbc cmd/built-in.o
 .text.do_i2c_md
                0x0000000017807d54      0x1e4 cmd/built-in.o
 .text.mod_i2c_mem.isra.3
                0x0000000017807f38      0x1fc cmd/built-in.o
 .text.do_i2c_nm
                0x0000000017808134        0x8 cmd/built-in.o
 .text.do_i2c_mm
                0x000000001780813c        0x8 cmd/built-in.o
 .text.do_i2c_loop
                0x0000000017808144       0xe0 cmd/built-in.o
 .text.i2c_init_board
                0x0000000017808224        0x4 cmd/built-in.o
                0x0000000017808224                i2c_init_board
 .text.evalexp  0x0000000017808228       0x78 cmd/built-in.o
 .text.evalstr  0x00000000178082a0       0x6c cmd/built-in.o
 .text.binary_test
                0x000000001780830c      0x1b4 cmd/built-in.o
 .text.do_itest
                0x00000000178084c0       0x98 cmd/built-in.o
 .text.bin_data_init
                0x0000000017808558       0x2c cmd/built-in.o
 .text.k_data_save
                0x0000000017808584       0x4c cmd/built-in.o
 .text.k_data_restore
                0x00000000178085d0       0x4c cmd/built-in.o
 .text.getcxmodem
                0x000000001780861c       0x20 cmd/built-in.o
 .text.load_serial_ymodem
                0x000000001780863c       0xcc cmd/built-in.o
 .text.bin_data_char
                0x0000000017808708       0x2c cmd/built-in.o
 .text.chk1.constprop.1
                0x0000000017808734       0x2c cmd/built-in.o
 .text.s1_sendpacket.constprop.2
                0x0000000017808760       0x50 cmd/built-in.o
 .text.load_serial
                0x00000000178087b0      0x1f8 cmd/built-in.o
 .text.do_load_serial
                0x00000000178089a8       0xdc cmd/built-in.o
 .text.do_load_serial_bin
                0x0000000017808a84      0x798 cmd/built-in.o
 .text.do_mem_mw
                0x000000001780921c       0xc0 cmd/built-in.o
 .text.do_mem_loop
                0x00000000178092dc       0xf8 cmd/built-in.o
 .text.do_mem_md
                0x00000000178093d4       0xe8 cmd/built-in.o
 .text.do_mem_cmp
                0x00000000178094bc      0x168 cmd/built-in.o
 .text.do_mem_base
                0x0000000017809624       0x40 cmd/built-in.o
 .text.do_mem_cp
                0x0000000017809664       0xd8 cmd/built-in.o
 .text.do_mem_crc
                0x000000001780973c       0x4c cmd/built-in.o
 .text.do_mem_mtest
                0x0000000017809788      0x238 cmd/built-in.o
 .text.mod_mem.isra.2
                0x00000000178099c0      0x168 cmd/built-in.o
 .text.do_mem_mm
                0x0000000017809b28        0x8 cmd/built-in.o
 .text.do_mem_nm
                0x0000000017809b30        0x8 cmd/built-in.o
 .text.extract_range
                0x0000000017809b38       0xe0 cmd/built-in.o
 .text.do_mii   0x0000000017809c18      0x8cc cmd/built-in.o
 .text.do_mdio  0x000000001780a4e4      0x4c0 cmd/built-in.o
 .text.do_sleep
                0x000000001780a9a4       0x70 cmd/built-in.o
 .text.do_mmcops
                0x000000001780aa14       0xb4 cmd/built-in.o
 .text.init_mmc_device
                0x000000001780aac8       0x54 cmd/built-in.o
 .text.do_mmc_rescan
                0x000000001780ab1c       0x24 cmd/built-in.o
 .text.do_mmc_rst_func
                0x000000001780ab40       0x9c cmd/built-in.o
 .text.do_mmc_partconf
                0x000000001780abdc       0xb4 cmd/built-in.o
 .text.do_mmc_boot_resize
                0x000000001780ac90       0xcc cmd/built-in.o
 .text.do_mmc_bootbus
                0x000000001780ad5c       0xb4 cmd/built-in.o
 .text.do_mmc_hwpartition
                0x000000001780ae10      0x504 cmd/built-in.o
 .text.do_mmc_list
                0x000000001780b314       0x14 cmd/built-in.o
 .text.do_mmc_dev
                0x000000001780b328      0x134 cmd/built-in.o
 .text.do_mmc_part
                0x000000001780b45c       0x5c cmd/built-in.o
 .text.do_mmc_erase
                0x000000001780b4b8       0xe8 cmd/built-in.o
 .text.do_mmc_write
                0x000000001780b5a0      0x100 cmd/built-in.o
 .text.do_mmc_read
                0x000000001780b6a0       0xec cmd/built-in.o
 .text.do_mmcinfo
                0x000000001780b78c      0x378 cmd/built-in.o
 .text.do_mmc_setdsr
                0x000000001780bb04       0xb0 cmd/built-in.o
 .text.cpu_cmd  0x000000001780bbb4      0x160 cmd/built-in.o
 .text.netboot_common
                0x000000001780bd14      0x2a0 cmd/built-in.o
 .text.do_bootp
                0x000000001780bfb4        0xc cmd/built-in.o
 .text.do_dhcp  0x000000001780bfc0        0xc cmd/built-in.o
 .text.do_nfs   0x000000001780bfcc        0xc cmd/built-in.o
 .text.do_tftpb
                0x000000001780bfd8       0x40 cmd/built-in.o
                0x000000001780bfd8                do_tftpb
 .text.do_ping  0x000000001780c018       0x74 cmd/built-in.o
 .text.bytes_per_second
                0x000000001780c08c       0x50 cmd/built-in.o
 .text.do_spi_flash
                0x000000001780c0dc      0x880 cmd/built-in.o
 .text.substitute
                0x000000001780c95c       0xf4 cmd/built-in.o
 .text.get_arg  0x000000001780ca50       0x5c cmd/built-in.o
 .text.regex_sub
                0x000000001780caac      0x3e8 cmd/built-in.o
 .text.do_setexpr
                0x000000001780ce94      0x1a0 cmd/built-in.o
 .text.do_false
                0x000000001780d034        0x8 cmd/built-in.o
 .text.do_true  0x000000001780d03c        0x8 cmd/built-in.o
 .text.do_test  0x000000001780d044      0x350 cmd/built-in.o
 .text.usb_get_class_desc
                0x000000001780d394       0xbc cmd/built-in.o
 .text.usb_find_device
                0x000000001780d450       0x3c cmd/built-in.o
 .text.usb_show_tree_graph
                0x000000001780d48c      0x224 cmd/built-in.o
 .text.usb_display_class_sub
                0x000000001780d6b0      0x180 cmd/built-in.o
 .text.usb_display_string
                0x000000001780d830       0x44 cmd/built-in.o
 .text.usb_display_config
                0x000000001780d874      0x214 cmd/built-in.o
 .text.do_usbboot
                0x000000001780da88        0xc cmd/built-in.o
 .text.usb_display_desc.part.2
                0x000000001780da94      0x12c cmd/built-in.o
 .text.do_usb_start
                0x000000001780dbc0       0x44 cmd/built-in.o
 .text.usb_show_tree
                0x000000001780dc04       0x54 cmd/built-in.o
                0x000000001780dc04                usb_show_tree
 .text.do_usb   0x000000001780dc58      0x73c cmd/built-in.o
 .text.do_fastboot
                0x000000001780e394       0xe0 cmd/built-in.o
 .text.ums_read_sector
                0x000000001780e474       0x1c cmd/built-in.o
 .text.ums_write_sector
                0x000000001780e490       0x1c cmd/built-in.o
 .text.ums_fini
                0x000000001780e4ac       0x60 cmd/built-in.o
 .text.do_usb_mass_storage
                0x000000001780e50c      0x34c cmd/built-in.o
                0x000000001780e50c                do_usb_mass_storage
 .text.do_imgextract
                0x000000001780e858      0x294 cmd/built-in.o
 .text.do_env_delete
                0x000000001780eaec       0xa4 cmd/built-in.o
 .text.do_env_exists
                0x000000001780eb90       0x64 cmd/built-in.o
 .text.do_env_save
                0x000000001780ebf4       0x2c cmd/built-in.o
 .text.do_env   0x000000001780ec20       0x5c cmd/built-in.o
 .text.env_print
                0x000000001780ec7c       0xc0 cmd/built-in.o
 .text.do_env_print
                0x000000001780ed3c       0xc4 cmd/built-in.o
 .text.do_env_import
                0x000000001780ee00      0x280 cmd/built-in.o
 .text.do_env_default
                0x000000001780f080       0xb8 cmd/built-in.o
 .text._do_env_set.isra.1
                0x000000001780f138      0x1c4 cmd/built-in.o
 .text.do_env_set
                0x000000001780f2fc       0x20 cmd/built-in.o
 .text.get_env_id
                0x000000001780f31c       0x10 cmd/built-in.o
                0x000000001780f31c                get_env_id
 .text.setenv   0x000000001780f32c       0x5c cmd/built-in.o
                0x000000001780f32c                setenv
 .text.setenv_ulong
                0x000000001780f388       0x20 cmd/built-in.o
                0x000000001780f388                setenv_ulong
 .text.setenv_hex
                0x000000001780f3a8       0x34 cmd/built-in.o
                0x000000001780f3a8                setenv_hex
 .text.do_env_export
                0x000000001780f3dc      0x270 cmd/built-in.o
 .text.envmatch
                0x000000001780f64c       0x70 cmd/built-in.o
                0x000000001780f64c                envmatch
 .text.getenv_f
                0x000000001780f6bc       0xc4 cmd/built-in.o
                0x000000001780f6bc                getenv_f
 .text.getenv   0x000000001780f780       0x78 cmd/built-in.o
                0x000000001780f780                getenv
 .text.getenv_hex
                0x000000001780f7f8       0x3c cmd/built-in.o
                0x000000001780f7f8                getenv_hex
 .text.getenv_ulong
                0x000000001780f834       0x30 cmd/built-in.o
                0x000000001780f834                getenv_ulong
 .text.do_env_edit.part.3
                0x000000001780f864       0x9c cmd/built-in.o
 .text.do_env_edit
                0x000000001780f900       0x2c cmd/built-in.o
 .text.common_diskboot
                0x000000001780f92c      0x234 cmd/built-in.o
                0x000000001780f92c                common_diskboot
 .text.board_init_f_alloc_reserve
                0x000000001780fb60       0x10 common/built-in.o
                0x000000001780fb60                board_init_f_alloc_reserve
 .text.board_init_f_init_reserve
                0x000000001780fb70       0x20 common/built-in.o
                0x000000001780fb70                board_init_f_init_reserve
 .text.show_boot_progress
                0x000000001780fb90        0x4 common/built-in.o
                0x000000001780fb90                show_boot_progress
 .text.main_loop
                0x000000001780fb94       0x20 common/built-in.o
                0x000000001780fb94                main_loop
 .text.dummy    0x000000001780fbb4        0x4 common/built-in.o
 .text.get_version
                0x000000001780fbb8        0x8 common/built-in.o
                0x000000001780fbb8                get_version
 .text.jumptable_init
                0x000000001780fbc0      0x1e0 common/built-in.o
                0x000000001780fbc0                jumptable_init
 .text.hash_command
                0x000000001780fda0       0xb0 common/built-in.o
                0x000000001780fda0                hash_command
 .text.b_reset  0x000000001780fe50       0x1c common/built-in.o
 .text.static_get
                0x000000001780fe6c       0x1c common/built-in.o
 .text.static_peek
                0x000000001780fe88        0xc common/built-in.o
 .text.file_peek
                0x000000001780fe94        0xc common/built-in.o
 .text.mapset   0x000000001780fea0       0x20 common/built-in.o
 .text.syntax_err
                0x000000001780fec0        0xc common/built-in.o
 .text.free_pipe_list
                0x000000001780fecc       0xf0 common/built-in.o
 .text.xmalloc  0x000000001780ffbc       0x20 common/built-in.o
 .text.new_pipe
                0x000000001780ffdc       0x28 common/built-in.o
 .text.xrealloc
                0x0000000017810004       0x20 common/built-in.o
 .text.done_command
                0x0000000017810024       0x8c common/built-in.o
 .text.done_pipe
                0x00000000178100b0       0x48 common/built-in.o
 .text.done_word
                0x00000000178100f8      0x2e4 common/built-in.o
 .text.do_showvar
                0x00000000178103dc       0xf0 common/built-in.o
 .text.is_assignment
                0x00000000178104cc       0x54 common/built-in.o
 .text.file_get
                0x0000000017810520      0x1e4 common/built-in.o
 .text.b_addchr
                0x0000000017810704       0x80 common/built-in.o
 .text.b_addqchr
                0x0000000017810784       0x50 common/built-in.o
 .text.get_local_var
                0x00000000178107d4       0x94 common/built-in.o
                0x00000000178107d4                get_local_var
 .text.set_local_var
                0x0000000017810868      0x1b8 common/built-in.o
                0x0000000017810868                set_local_var
 .text.insert_var_value_sub
                0x0000000017810a20      0x2a8 common/built-in.o
 .text.parse_string_outer
                0x0000000017810cc8       0xe8 common/built-in.o
                0x0000000017810cc8                parse_string_outer
 .text.run_list_real
                0x0000000017810db0      0x7e4 common/built-in.o
 .text.parse_stream_outer
                0x0000000017811594      0x6cc common/built-in.o
 .text.parse_file_outer
                0x0000000017811c60       0x44 common/built-in.o
                0x0000000017811c60                parse_file_outer
 .text.u_boot_hush_start
                0x0000000017811ca4       0x54 common/built-in.o
                0x0000000017811ca4                u_boot_hush_start
 .text.bootdelay_process
                0x0000000017811cf8       0x4c common/built-in.o
                0x0000000017811cf8                bootdelay_process
 .text.autoboot_command
                0x0000000017811d44       0xd8 common/built-in.o
                0x0000000017811d44                autoboot_command
 .text.display_text_info
                0x0000000017811e1c        0x8 common/built-in.o
 .text.setup_mon_len
                0x0000000017811e24       0x20 common/built-in.o
 .text.reserve_round_4k
                0x0000000017811e44       0x18 common/built-in.o
 .text.reserve_mmu
                0x0000000017811e5c       0x38 common/built-in.o
 .text.reserve_trace
                0x0000000017811e94        0x8 common/built-in.o
 .text.reserve_uboot
                0x0000000017811e9c       0x30 common/built-in.o
 .text.reserve_malloc
                0x0000000017811ecc       0x18 common/built-in.o
 .text.setup_machine
                0x0000000017811ee4       0x14 common/built-in.o
 .text.reserve_global_data
                0x0000000017811ef8       0x1c common/built-in.o
 .text.reserve_fdt
                0x0000000017811f14       0x4c common/built-in.o
 .text.display_new_sp
                0x0000000017811f60        0x8 common/built-in.o
 .text.initf_console_record
                0x0000000017811f68        0x8 common/built-in.o
 .text.reserve_arch
                0x0000000017811f70        0x8 common/built-in.o
                0x0000000017811f70                reserve_arch
 .text.arch_cpu_init_dm
                0x0000000017811f78        0x8 common/built-in.o
                0x0000000017811f78                arch_cpu_init_dm
 .text.announce_dram_init
                0x0000000017811f80       0x18 common/built-in.o
 .text.init_func_i2c
                0x0000000017811f98       0x28 common/built-in.o
 .text.init_baud_rate
                0x0000000017811fc0       0x2c common/built-in.o
 .text.mark_bootstage
                0x0000000017811fec       0x14 common/built-in.o
 .text.initf_dm
                0x0000000017812000        0x8 common/built-in.o
 .text.setup_reloc
                0x0000000017812008       0x34 common/built-in.o
 .text.reloc_fdt
                0x000000001781203c       0x3c common/built-in.o
 .text.reserve_board
                0x0000000017812078       0x38 common/built-in.o
 .text.coloured_LED_init
                0x00000000178120b0        0x4 common/built-in.o
                0x00000000178120b0                coloured_LED_init
 .text.red_led_on
                0x00000000178120b4        0x4 common/built-in.o
                0x00000000178120b4                red_led_on
 .text.board_add_ram_info
                0x00000000178120b8        0x4 common/built-in.o
                0x00000000178120b8                board_add_ram_info
 .text.show_dram_config
                0x00000000178120bc       0x34 common/built-in.o
 .text.dram_init_banksize
                0x00000000178120f0       0x20 common/built-in.o
                0x00000000178120f0                dram_init_banksize
 .text.setup_dram_config
                0x0000000017812110       0x10 common/built-in.o
 .text.board_get_usable_ram_top
                0x0000000017812120       0x14 common/built-in.o
                0x0000000017812120                board_get_usable_ram_top
 .text.board_reserve_ram_top
                0x0000000017812134        0x4 common/built-in.o
                0x0000000017812134                board_reserve_ram_top
 .text.setup_dest_addr
                0x0000000017812138       0x50 common/built-in.o
 .text.reserve_stacks
                0x0000000017812188       0x1c common/built-in.o
 .text.board_init_f
                0x00000000178121a4       0x28 common/built-in.o
                0x00000000178121a4                board_init_f
 .text.bootstage_relocate
                0x00000000178121cc        0x8 common/built-in.o
 .text.initr_trace
                0x00000000178121d4        0x8 common/built-in.o
 .text.initr_reloc
                0x00000000178121dc       0x18 common/built-in.o
 .text.initr_reloc_global_data
                0x00000000178121f4       0x28 common/built-in.o
 .text.initr_barrier
                0x000000001781221c        0x8 common/built-in.o
 .text.initr_console_record
                0x0000000017812224        0x8 common/built-in.o
 .text.initr_announce
                0x000000001781222c        0x8 common/built-in.o
 .text.run_main_loop
                0x0000000017812234        0xc common/built-in.o
 .text.initr_check_fastboot
                0x0000000017812240       0x10 common/built-in.o
 .text.initr_net
                0x0000000017812250       0x1c common/built-in.o
 .text.initr_fastboot_setup
                0x000000001781226c       0x10 common/built-in.o
 .text.initr_ethaddr
                0x000000001781227c       0x20 common/built-in.o
 .text.initr_enable_interrupts
                0x000000001781229c       0x10 common/built-in.o
 .text.initr_jumptable
                0x00000000178122ac       0x10 common/built-in.o
 .text.initr_env
                0x00000000178122bc       0x30 common/built-in.o
 .text.initr_mmc
                0x00000000178122ec       0x20 common/built-in.o
 .text.initr_serial
                0x000000001781230c       0x10 common/built-in.o
 .text.initr_bootstage
                0x000000001781231c       0x14 common/built-in.o
 .text.initr_dm
                0x0000000017812330       0x14 common/built-in.o
 .text.initr_malloc
                0x0000000017812344       0x24 common/built-in.o
 .text.initr_caches
                0x0000000017812368       0x10 common/built-in.o
 .text.cpu_secondary_init_r
                0x0000000017812378        0x4 common/built-in.o
                0x0000000017812378                cpu_secondary_init_r
 .text.initr_secondary_cpu
                0x000000001781237c       0x10 common/built-in.o
 .text.board_init_r
                0x000000001781238c       0x14 common/built-in.o
                0x000000001781238c                board_init_r
 .text.show_board_info
                0x00000000178123a0        0x4 common/built-in.o
                0x00000000178123a0                show_board_info
 .text.bootm_find_images
                0x00000000178123a4       0xa8 common/built-in.o
                0x00000000178123a4                bootm_find_images
 .text.bootm_decomp_image
                0x000000001781244c      0x154 common/built-in.o
                0x000000001781244c                bootm_decomp_image
 .text.bootm_disable_interrupts
                0x00000000178125a0       0x18 common/built-in.o
                0x00000000178125a0                bootm_disable_interrupts
 .text.do_bootm_states
                0x00000000178125b8      0x7c0 common/built-in.o
                0x00000000178125b8                do_bootm_states
 .text.copy_args
                0x0000000017812d78       0x50 common/built-in.o
 .text.do_bootm_rtems
                0x0000000017812dc8       0x40 common/built-in.o
 .text.do_bootm_plan9
                0x0000000017812e08       0xa4 common/built-in.o
 .text.do_bootm_standalone
                0x0000000017812eac       0x64 common/built-in.o
 .text.do_bootm_qnxelf
                0x0000000017812f10       0x58 common/built-in.o
 .text.do_bootm_netbsd
                0x0000000017812f68       0xf8 common/built-in.o
 .text.do_bootvx_fdt
                0x0000000017813060      0x118 common/built-in.o
                0x0000000017813060                do_bootvx_fdt
 .text.do_bootm_vxworks
                0x0000000017813178       0x24 common/built-in.o
 .text.boot_selected_os
                0x000000001781319c       0x5c common/built-in.o
                0x000000001781319c                boot_selected_os
 .text.bootm_os_get_boot_func
                0x00000000178131f8       0x10 common/built-in.o
                0x00000000178131f8                bootm_os_get_boot_func
 .text.do_mfgdownload
                0x0000000017813208       0x4c common/built-in.o
 .text.regex_callback
                0x0000000017813254      0x134 common/built-in.o
 .text.env_attr_walk
                0x0000000017813388      0x118 common/built-in.o
                0x0000000017813388                env_attr_walk
 .text.env_attr_lookup
                0x00000000178134a0       0x88 common/built-in.o
                0x00000000178134a0                env_attr_lookup
 .text.clear_callback
                0x0000000017813528       0x10 common/built-in.o
 .text.find_env_callback
                0x0000000017813538       0x64 common/built-in.o
 .text.on_callbacks
                0x000000001781359c       0x50 common/built-in.o
 .text.set_callback
                0x00000000178135ec       0x98 common/built-in.o
 .text.env_callback_init
                0x0000000017813684       0xc4 common/built-in.o
                0x0000000017813684                env_callback_init
 .text.skip_num
                0x0000000017813748       0x74 common/built-in.o
 .text.clear_flags
                0x00000000178137bc       0x10 common/built-in.o
 .text.on_flags
                0x00000000178137cc       0x50 common/built-in.o
 .text.env_flags_parse_vartype
                0x000000001781381c       0x50 common/built-in.o
                0x000000001781381c                env_flags_parse_vartype
 .text.env_flags_parse_varaccess
                0x000000001781386c       0x58 common/built-in.o
                0x000000001781386c                env_flags_parse_varaccess
 .text.set_flags
                0x00000000178138c4       0xb0 common/built-in.o
 .text.eth_validate_ethaddr_str
                0x0000000017813974       0x94 common/built-in.o
                0x0000000017813974                eth_validate_ethaddr_str
 .text.env_flags_init
                0x0000000017813a08       0xd8 common/built-in.o
                0x0000000017813a08                env_flags_init
 .text.env_flags_validate
                0x0000000017813ae0      0x29c common/built-in.o
                0x0000000017813ae0                env_flags_validate
 .text.mmc_get_env_addr
                0x0000000017813d7c       0x10 common/built-in.o
                0x0000000017813d7c                mmc_get_env_addr
 .text.fini_mmc_for_env.isra.0
                0x0000000017813d8c       0x1c common/built-in.o
 .text.env_init
                0x0000000017813da8       0x1c common/built-in.o
                0x0000000017813da8                env_init
 .text.init_mmc_for_env
                0x0000000017813dc4       0x78 common/built-in.o
 .text.saveenv  0x0000000017813e3c      0x128 common/built-in.o
                0x0000000017813e3c                saveenv
 .text.env_relocate_spec
                0x0000000017813f64       0xf4 common/built-in.o
                0x0000000017813f64                env_relocate_spec
 .text.fdt_find_and_setprop
                0x0000000017814058       0x70 common/built-in.o
                0x0000000017814058                fdt_find_and_setprop
 .text.fdt_find_or_add_subnode
                0x00000000178140c8       0x68 common/built-in.o
                0x00000000178140c8                fdt_find_or_add_subnode
 .text.fdt_root
                0x0000000017814130       0x98 common/built-in.o
                0x0000000017814130                fdt_root
 .text.fdt_initrd
                0x00000000178141c8      0x1d0 common/built-in.o
                0x00000000178141c8                fdt_initrd
 .text.fdt_chosen
                0x0000000017814398       0xa8 common/built-in.o
                0x0000000017814398                fdt_chosen
 .text.do_fixup_by_path
                0x0000000017814440       0x54 common/built-in.o
                0x0000000017814440                do_fixup_by_path
 .text.fdt_fixup_memory_banks
                0x0000000017814494      0x198 common/built-in.o
                0x0000000017814494                fdt_fixup_memory_banks
 .text.fdt_fixup_memory
                0x000000001781462c       0x24 common/built-in.o
                0x000000001781462c                fdt_fixup_memory
 .text.fdt_fixup_ethernet
                0x0000000017814650      0x16c common/built-in.o
                0x0000000017814650                fdt_fixup_ethernet
 .text.fdt_shrink_to_minimum
                0x00000000178147bc       0xd0 common/built-in.o
                0x00000000178147bc                fdt_shrink_to_minimum
 .text.miiphy_get_dev_by_name
                0x000000001781488c       0x5c common/built-in.o
                0x000000001781488c                miiphy_get_dev_by_name
 .text.miiphy_init
                0x00000000178148e8       0x24 common/built-in.o
                0x00000000178148e8                miiphy_init
 .text.mdio_alloc
                0x000000001781490c       0x30 common/built-in.o
                0x000000001781490c                mdio_alloc
 .text.mdio_register
                0x000000001781493c       0x8c common/built-in.o
                0x000000001781493c                mdio_register
 .text.mdio_unregister
                0x00000000178149c8       0x3c common/built-in.o
                0x00000000178149c8                mdio_unregister
 .text.mdio_list_devices
                0x0000000017814a04       0x9c common/built-in.o
                0x0000000017814a04                mdio_list_devices
 .text.miiphy_set_current_dev
                0x0000000017814aa0       0x40 common/built-in.o
                0x0000000017814aa0                miiphy_set_current_dev
 .text.miiphy_get_active_dev
                0x0000000017814ae0       0x54 common/built-in.o
 .text.mdio_get_current_dev
                0x0000000017814b34       0x10 common/built-in.o
                0x0000000017814b34                mdio_get_current_dev
 .text.mdio_phydev_for_ethname
                0x0000000017814b44       0x8c common/built-in.o
                0x0000000017814b44                mdio_phydev_for_ethname
 .text.miiphy_get_current_dev
                0x0000000017814bd0       0x18 common/built-in.o
                0x0000000017814bd0                miiphy_get_current_dev
 .text.miiphy_read
                0x0000000017814be8       0x4c common/built-in.o
                0x0000000017814be8                miiphy_read
 .text.miiphy_write
                0x0000000017814c34       0x40 common/built-in.o
                0x0000000017814c34                miiphy_write
 .text.miiphy_listdev
                0x0000000017814c74       0x74 common/built-in.o
                0x0000000017814c74                miiphy_listdev
 .text.miiphy_info
                0x0000000017814ce8       0x88 common/built-in.o
                0x0000000017814ce8                miiphy_info
 .text.miiphy_speed
                0x0000000017814d70       0x90 common/built-in.o
                0x0000000017814d70                miiphy_speed
 .text.miiphy_duplex
                0x0000000017814e00       0x90 common/built-in.o
                0x0000000017814e00                miiphy_duplex
 .text.miiphy_is_1000base_x
                0x0000000017814e90        0x8 common/built-in.o
                0x0000000017814e90                miiphy_is_1000base_x
 .text.usb_set_maxpacket_ep
                0x0000000017814e98       0x68 common/built-in.o
 .text.usb_stop
                0x0000000017814f00       0x5c common/built-in.o
                0x0000000017814f00                usb_stop
 .text.usb_disable_asynch
                0x0000000017814f5c       0x20 common/built-in.o
                0x0000000017814f5c                usb_disable_asynch
 .text.usb_control_msg
                0x0000000017814f7c       0xc8 common/built-in.o
                0x0000000017814f7c                usb_control_msg
 .text.usb_get_descriptor
                0x0000000017815044       0x50 common/built-in.o
 .text.get_descriptor_len
                0x0000000017815094       0x90 common/built-in.o
 .text.usb_get_string
                0x0000000017815124       0x6c common/built-in.o
 .text.usb_string_sub
                0x0000000017815190      0x10c common/built-in.o
 .text.usb_bulk_msg
                0x000000001781529c       0x78 common/built-in.o
                0x000000001781529c                usb_bulk_msg
 .text.usb_maxpacket
                0x0000000017815314       0x1c common/built-in.o
                0x0000000017815314                usb_maxpacket
 .text.usb_clear_halt
                0x0000000017815330       0x90 common/built-in.o
                0x0000000017815330                usb_clear_halt
 .text.usb_get_configuration_len
                0x00000000178153c0       0x74 common/built-in.o
                0x00000000178153c0                usb_get_configuration_len
 .text.usb_get_configuration_no
                0x0000000017815434       0x34 common/built-in.o
                0x0000000017815434                usb_get_configuration_no
 .text.usb_set_interface
                0x0000000017815468       0xb8 common/built-in.o
                0x0000000017815468                usb_set_interface
 .text.usb_string
                0x0000000017815520      0x108 common/built-in.o
                0x0000000017815520                usb_string
 .text.usb_get_dev_index
                0x0000000017815628       0x24 common/built-in.o
                0x0000000017815628                usb_get_dev_index
 .text.usb_alloc_new_device
                0x000000001781564c       0x94 common/built-in.o
                0x000000001781564c                usb_alloc_new_device
 .text.usb_free_device
                0x00000000178156e0       0x48 common/built-in.o
                0x00000000178156e0                usb_free_device
 .text.usb_alloc_device
                0x0000000017815728        0x8 common/built-in.o
                0x0000000017815728                usb_alloc_device
 .text.usb_select_config
                0x0000000017815730      0x464 common/built-in.o
                0x0000000017815730                usb_select_config
 .text.usb_setup_device
                0x0000000017815b94      0x1ac common/built-in.o
                0x0000000017815b94                usb_setup_device
 .text.usb_new_device
                0x0000000017815d40       0x34 common/built-in.o
                0x0000000017815d40                usb_new_device
 .text.usb_init
                0x0000000017815d74      0x144 common/built-in.o
                0x0000000017815d74                usb_init
 .text.board_usb_init
                0x0000000017815eb8        0x8 common/built-in.o
                0x0000000017815eb8                board_usb_init
 .text.board_usb_cleanup
                0x0000000017815ec0        0x8 common/built-in.o
                0x0000000017815ec0                board_usb_cleanup
 .text.usb_device_has_child_on_port
                0x0000000017815ec8       0x14 common/built-in.o
                0x0000000017815ec8                usb_device_has_child_on_port
 .text.usb_find_usb2_hub_address_port
                0x0000000017815edc       0x5c common/built-in.o
                0x0000000017815edc                usb_find_usb2_hub_address_port
 .text.usb_set_port_feature
                0x0000000017815f38       0x4c common/built-in.o
 .text.usb_clear_port_feature
                0x0000000017815f84       0x4c common/built-in.o
 .text.usb_get_hub_descriptor
                0x0000000017815fd0       0x4c common/built-in.o
 .text.usb_hub_power_on
                0x000000001781601c       0x6c common/built-in.o
 .text.usb_hub_reset_devices
                0x0000000017816088        0x4 common/built-in.o
                0x0000000017816088                usb_hub_reset_devices
 .text.usb_get_port_status
                0x000000001781608c       0x4c common/built-in.o
                0x000000001781608c                usb_get_port_status
 .text.usb_hub_reset
                0x00000000178160d8       0x14 common/built-in.o
                0x00000000178160d8                usb_hub_reset
 .text.legacy_hub_port_reset
                0x00000000178160ec       0xa0 common/built-in.o
                0x00000000178160ec                legacy_hub_port_reset
 .text.usb_hub_port_connect_change
                0x000000001781618c      0x16c common/built-in.o
                0x000000001781618c                usb_hub_port_connect_change
 .text.usb_hub_configure
                0x00000000178162f8      0x2d8 common/built-in.o
 .text.usb_hub_probe
                0x00000000178165d0       0x58 common/built-in.o
                0x00000000178165d0                usb_hub_probe
 .text.usb_stor_irq
                0x0000000017816628       0x1c common/built-in.o
 .text.usb_stor_BBB_reset
                0x0000000017816644       0xd0 common/built-in.o
 .text.usb_stor_CB_reset
                0x0000000017816714       0xcc common/built-in.o
 .text.usb_stor_BBB_clear_endpt_stall.isra.0
                0x00000000178167e0       0x40 common/built-in.o
 .text.usb_stor_BBB_transport
                0x0000000017816820      0x258 common/built-in.o
 .text.usb_stor_CB_comdat
                0x0000000017816a78      0x1f0 common/built-in.o
 .text.usb_stor_CBI_get_status.isra.2
                0x0000000017816c68       0xc4 common/built-in.o
 .text.usb_stor_CB_transport
                0x0000000017816d2c      0x220 common/built-in.o
 .text.usb_request_sense.constprop.7
                0x0000000017816f4c       0x70 common/built-in.o
 .text.usb_stor_read
                0x0000000017816fbc      0x174 common/built-in.o
 .text.usb_stor_write
                0x0000000017817130      0x174 common/built-in.o
 .text.usb_stor_get_dev
                0x00000000178172a4       0x28 common/built-in.o
                0x00000000178172a4                usb_stor_get_dev
 .text.usb_stor_info
                0x00000000178172cc       0x74 common/built-in.o
                0x00000000178172cc                usb_stor_info
 .text.usb_storage_probe
                0x0000000017817340      0x208 common/built-in.o
                0x0000000017817340                usb_storage_probe
 .text.usb_stor_get_info
                0x0000000017817548      0x318 common/built-in.o
                0x0000000017817548                usb_stor_get_info
 .text.usb_stor_scan
                0x0000000017817860      0x1fc common/built-in.o
                0x0000000017817860                usb_stor_scan
 .text.splash_screen_prepare
                0x0000000017817a5c        0x8 common/built-in.o
                0x0000000017817a5c                splash_screen_prepare
 .text.splash_get_pos
                0x0000000017817a64       0x88 common/built-in.o
                0x0000000017817a64                splash_get_pos
 .text.env_get_char_spec
                0x0000000017817aec        0xc common/built-in.o
                0x0000000017817aec                env_get_char_spec
 .text.env_get_addr
                0x0000000017817af8       0x20 common/built-in.o
                0x0000000017817af8                env_get_addr
 .text.env_get_char_memory
                0x0000000017817b18       0x10 common/built-in.o
                0x0000000017817b18                env_get_char_memory
 .text.env_get_char
                0x0000000017817b28       0x30 common/built-in.o
                0x0000000017817b28                env_get_char
 .text.getenv_yesno
                0x0000000017817b58       0x48 common/built-in.o
                0x0000000017817b58                getenv_yesno
 .text.getenv_default
                0x0000000017817ba0       0x30 common/built-in.o
                0x0000000017817ba0                getenv_default
 .text.set_default_env
                0x0000000017817bd0       0xc0 common/built-in.o
                0x0000000017817bd0                set_default_env
 .text.set_default_vars
                0x0000000017817c90       0x3c common/built-in.o
                0x0000000017817c90                set_default_vars
 .text.env_import
                0x0000000017817ccc       0xe0 common/built-in.o
                0x0000000017817ccc                env_import
 .text.env_export
                0x0000000017817dac       0xa0 common/built-in.o
                0x0000000017817dac                env_export
 .text.env_relocate
                0x0000000017817e4c       0x30 common/built-in.o
                0x0000000017817e4c                env_relocate
 .text.env_complete
                0x0000000017817e7c       0xdc common/built-in.o
                0x0000000017817e7c                env_complete
 .text.console_setfile
                0x0000000017817f58       0xbc common/built-in.o
 .text.serial_printf
                0x0000000017818014       0x44 common/built-in.o
                0x0000000017818014                serial_printf
 .text.puts     0x0000000017818058       0x40 common/built-in.o
                0x0000000017818058                puts
 .text.fgetc    0x0000000017818098       0x2c common/built-in.o
                0x0000000017818098                fgetc
 .text.getc     0x00000000178180c4       0x24 common/built-in.o
                0x00000000178180c4                getc
 .text.ftstc    0x00000000178180e8       0x2c common/built-in.o
                0x00000000178180e8                ftstc
 .text.tstc     0x0000000017818114       0x24 common/built-in.o
                0x0000000017818114                tstc
 .text.fputc    0x0000000017818138       0x24 common/built-in.o
                0x0000000017818138                fputc
 .text.putc     0x000000001781815c       0x28 common/built-in.o
                0x000000001781815c                putc
 .text.ctrlc    0x0000000017818184       0x58 common/built-in.o
                0x0000000017818184                ctrlc
 .text.confirm_yesno
                0x00000000178181dc       0xd4 common/built-in.o
                0x00000000178181dc                confirm_yesno
 .text.had_ctrlc
                0x00000000178182b0       0x10 common/built-in.o
                0x00000000178182b0                had_ctrlc
 .text.clear_ctrlc
                0x00000000178182c0       0x14 common/built-in.o
                0x00000000178182c0                clear_ctrlc
 .text.search_device
                0x00000000178182d4       0x30 common/built-in.o
                0x00000000178182d4                search_device
 .text.console_assign
                0x0000000017818304       0x44 common/built-in.o
                0x0000000017818304                console_assign
 .text.on_console
                0x0000000017818348       0xb8 common/built-in.o
 .text.console_init_f
                0x0000000017818400       0x10 common/built-in.o
                0x0000000017818400                console_init_f
 .text.stdio_print_current_devices
                0x0000000017818410       0xb0 common/built-in.o
                0x0000000017818410                stdio_print_current_devices
 .text.console_init_r
                0x00000000178184c0      0x168 common/built-in.o
                0x00000000178184c0                console_init_r
 .text.sbrk     0x0000000017818628       0x70 common/built-in.o
                0x0000000017818628                sbrk
 .text.mem_malloc_init
                0x0000000017818698       0x34 common/built-in.o
                0x0000000017818698                mem_malloc_init
 .text.malloc_trim
                0x00000000178186cc       0xcc common/built-in.o
                0x00000000178186cc                malloc_trim
 .text.free     0x0000000017818798      0x230 common/built-in.o
                0x0000000017818798                free
 .text.malloc   0x00000000178189c8      0x5f8 common/built-in.o
                0x00000000178189c8                malloc
 .text.calloc   0x0000000017818fc0      0x130 common/built-in.o
                0x0000000017818fc0                calloc
 .text.realloc  0x00000000178190f0      0x4d0 common/built-in.o
                0x00000000178190f0                realloc
 .text.memalign
                0x00000000178195c0      0x140 common/built-in.o
                0x00000000178195c0                memalign
 .text.initf_malloc
                0x0000000017819700       0x18 common/built-in.o
                0x0000000017819700                initf_malloc
 .text.malloc_simple
                0x0000000017819718       0x30 common/built-in.o
                0x0000000017819718                malloc_simple
 .text.on_loadaddr
                0x0000000017819748       0x38 common/built-in.o
 .text.image_check_hcrc
                0x0000000017819780       0x4c common/built-in.o
                0x0000000017819780                image_check_hcrc
 .text.image_check_dcrc
                0x00000000178197cc       0x38 common/built-in.o
                0x00000000178197cc                image_check_dcrc
 .text.image_multi_count
                0x0000000017819804       0x1c common/built-in.o
                0x0000000017819804                image_multi_count
 .text.image_multi_getimg
                0x0000000017819820       0x7c common/built-in.o
                0x0000000017819820                image_multi_getimg
 .text.getenv_bootm_low
                0x000000001781989c       0x30 common/built-in.o
                0x000000001781989c                getenv_bootm_low
 .text.getenv_bootm_size
                0x00000000178198cc       0x68 common/built-in.o
                0x00000000178198cc                getenv_bootm_size
 .text.getenv_bootm_mapsize
                0x0000000017819934       0x30 common/built-in.o
                0x0000000017819934                getenv_bootm_mapsize
 .text.memmove_wd
                0x0000000017819964        0xc common/built-in.o
                0x0000000017819964                memmove_wd
 .text.genimg_print_size
                0x0000000017819970       0x30 common/built-in.o
                0x0000000017819970                genimg_print_size
 .text.get_table_entry
                0x00000000178199a0       0x24 common/built-in.o
                0x00000000178199a0                get_table_entry
 .text.get_table_entry_name
                0x00000000178199c4       0x20 common/built-in.o
                0x00000000178199c4                get_table_entry_name
 .text.genimg_get_os_name
                0x00000000178199e4       0x18 common/built-in.o
                0x00000000178199e4                genimg_get_os_name
 .text.genimg_get_arch_name
                0x00000000178199fc       0x18 common/built-in.o
                0x00000000178199fc                genimg_get_arch_name
 .text.genimg_get_type_name
                0x0000000017819a14       0x18 common/built-in.o
                0x0000000017819a14                genimg_get_type_name
 .text.genimg_get_comp_name
                0x0000000017819a2c       0x18 common/built-in.o
                0x0000000017819a2c                genimg_get_comp_name
 .text.image_print_contents
                0x0000000017819a44      0x16c common/built-in.o
                0x0000000017819a44                image_print_contents
 .text.genimg_get_kernel_addr_fit
                0x0000000017819bb0       0x24 common/built-in.o
                0x0000000017819bb0                genimg_get_kernel_addr_fit
 .text.genimg_get_format
                0x0000000017819bd4       0x54 common/built-in.o
                0x0000000017819bd4                genimg_get_format
 .text.genimg_get_image
                0x0000000017819c28        0x4 common/built-in.o
                0x0000000017819c28                genimg_get_image
 .text.genimg_has_config
                0x0000000017819c2c        0x8 common/built-in.o
                0x0000000017819c2c                genimg_has_config
 .text.boot_get_ramdisk
                0x0000000017819c34      0x2b0 common/built-in.o
                0x0000000017819c34                boot_get_ramdisk
 .text.boot_ramdisk_high
                0x0000000017819ee4      0x138 common/built-in.o
                0x0000000017819ee4                boot_ramdisk_high
 .text.boot_get_setup
                0x000000001781a01c        0x8 common/built-in.o
                0x000000001781a01c                boot_get_setup
 .text.image_setup_linux
                0x000000001781a024       0x8c common/built-in.o
                0x000000001781a024                image_setup_linux
 .text.android_image_get_kernel
                0x000000001781a0b0      0x184 common/built-in.o
                0x000000001781a0b0                android_image_get_kernel
 .text.android_image_check_header
                0x000000001781a234       0x14 common/built-in.o
                0x000000001781a234                android_image_check_header
 .text.android_image_get_end
                0x000000001781a248       0x4c common/built-in.o
                0x000000001781a248                android_image_get_end
 .text.android_image_get_kload
                0x000000001781a294       0x20 common/built-in.o
                0x000000001781a294                android_image_get_kload
 .text.android_image_get_ramdisk
                0x000000001781a2b4       0x7c common/built-in.o
                0x000000001781a2b4                android_image_get_ramdisk
 .text.android_image_get_fdt
                0x000000001781a330       0x88 common/built-in.o
                0x000000001781a330                android_image_get_fdt
 .text.fdt_error
                0x000000001781a3b8       0x2c common/built-in.o
 .text.boot_fdt_add_mem_rsv_regions
                0x000000001781a3e4       0x88 common/built-in.o
                0x000000001781a3e4                boot_fdt_add_mem_rsv_regions
 .text.boot_relocate_fdt
                0x000000001781a46c      0x194 common/built-in.o
                0x000000001781a46c                boot_relocate_fdt
 .text.boot_get_fdt
                0x000000001781a600      0x2d0 common/built-in.o
                0x000000001781a600                boot_get_fdt
 .text.ft_verify_fdt
                0x000000001781a8d0        0x8 common/built-in.o
                0x000000001781a8d0                ft_verify_fdt
 .text.image_setup_libfdt
                0x000000001781a8d8      0x100 common/built-in.o
                0x000000001781a8d8                image_setup_libfdt
 .text.get_effective_memsize
                0x000000001781a9d8        0x8 common/built-in.o
                0x000000001781a9d8                get_effective_memsize
 .text.nulldev_putc
                0x000000001781a9e0        0x4 common/built-in.o
 .text.nulldev_puts
                0x000000001781a9e4        0x4 common/built-in.o
 .text.nulldev_input
                0x000000001781a9e8        0x8 common/built-in.o
 .text.stdio_serial_tstc
                0x000000001781a9f0        0x4 common/built-in.o
 .text.stdio_serial_getc
                0x000000001781a9f4        0x4 common/built-in.o
 .text.stdio_serial_puts
                0x000000001781a9f8        0x8 common/built-in.o
 .text.stdio_serial_putc
                0x000000001781aa00        0x8 common/built-in.o
 .text.stdio_get_list
                0x000000001781aa08        0xc common/built-in.o
                0x000000001781aa08                stdio_get_list
 .text.stdio_get_by_name
                0x000000001781aa14       0x4c common/built-in.o
                0x000000001781aa14                stdio_get_by_name
 .text.stdio_clone
                0x000000001781aa60       0x40 common/built-in.o
                0x000000001781aa60                stdio_clone
 .text.stdio_register_dev
                0x000000001781aaa0       0x50 common/built-in.o
                0x000000001781aaa0                stdio_register_dev
 .text.stdio_register
                0x000000001781aaf0        0x8 common/built-in.o
                0x000000001781aaf0                stdio_register
 .text.stdio_init_tables
                0x000000001781aaf8       0x1c common/built-in.o
                0x000000001781aaf8                stdio_init_tables
 .text.stdio_add_devices
                0x000000001781ab14       0xd8 common/built-in.o
                0x000000001781ab14                stdio_add_devices
 .text.run_command
                0x000000001781abec       0x10 common/built-in.o
                0x000000001781abec                run_command
 .text.run_command_list
                0x000000001781abfc       0x7c common/built-in.o
                0x000000001781abfc                run_command_list
 .text.do_run   0x000000001781ac78       0x78 common/built-in.o
                0x000000001781ac78                do_run
 .text.cli_loop
                0x000000001781acf0        0xc common/built-in.o
                0x000000001781acf0                cli_loop
 .text.cli_init
                0x000000001781acfc        0x4 common/built-in.o
                0x000000001781acfc                cli_init
 .text.delete_char.part.0
                0x000000001781ad00       0xd0 common/built-in.o
 .text.cread_add_char
                0x000000001781add0       0xe8 common/built-in.o
 .text.cli_readline_into_buffer
                0x000000001781aeb8      0x9c0 common/built-in.o
                0x000000001781aeb8                cli_readline_into_buffer
 .text.cli_readline
                0x000000001781b878       0x14 common/built-in.o
                0x000000001781b878                cli_readline
 .text.find_cmd_tbl
                0x000000001781b88c       0xa4 common/built-in.o
                0x000000001781b88c                find_cmd_tbl
 .text.find_cmd
                0x000000001781b930       0x28 common/built-in.o
                0x000000001781b930                find_cmd
 .text.cmd_usage
                0x000000001781b958       0x5c common/built-in.o
                0x000000001781b958                cmd_usage
 .text._do_help
                0x000000001781b9b4      0x184 common/built-in.o
                0x000000001781b9b4                _do_help
 .text.var_complete
                0x000000001781bb38       0x80 common/built-in.o
                0x000000001781bb38                var_complete
 .text.cmd_auto_complete
                0x000000001781bbb8      0x4b8 common/built-in.o
                0x000000001781bbb8                cmd_auto_complete
 .text.cmd_get_data_size
                0x000000001781c070       0x5c common/built-in.o
                0x000000001781c070                cmd_get_data_size
 .text.cmd_process
                0x000000001781c0cc       0xe8 common/built-in.o
                0x000000001781c0cc                cmd_process
 .text.cmd_process_error
                0x000000001781c1b4       0x30 common/built-in.o
                0x000000001781c1b4                cmd_process_error
 .text.hex1_bin
                0x000000001781c1e4       0x48 common/built-in.o
 .text.hex2_bin
                0x000000001781c22c       0x38 common/built-in.o
 .text.srec_decode
                0x000000001781c264      0x254 common/built-in.o
                0x000000001781c264                srec_decode
 .text.CYGACC_COMM_IF_GETC_TIMEOUT.isra.0
                0x000000001781c4b8       0x4c common/built-in.o
 .text.xyzModem_flush
                0x000000001781c504       0x1c common/built-in.o
 .text.xyzModem_get_hdr
                0x000000001781c520      0x230 common/built-in.o
 .text.xyzModem_stream_open
                0x000000001781c750      0x258 common/built-in.o
                0x000000001781c750                xyzModem_stream_open
 .text.xyzModem_stream_read
                0x000000001781c9a8      0x24c common/built-in.o
                0x000000001781c9a8                xyzModem_stream_read
 .text.xyzModem_stream_close
                0x000000001781cbf4       0x54 common/built-in.o
                0x000000001781cbf4                xyzModem_stream_close
 .text.xyzModem_stream_terminate
                0x000000001781cc48       0x94 common/built-in.o
                0x000000001781cc48                xyzModem_stream_terminate
 .text.xyzModem_error
                0x000000001781ccdc       0x20 common/built-in.o
                0x000000001781ccdc                xyzModem_error
 .text.get_dev_hwpart
                0x000000001781ccfc       0xa4 disk/built-in.o
 .text.get_dev  0x000000001781cda0        0x8 disk/built-in.o
                0x000000001781cda0                get_dev
 .text.dev_print
                0x000000001781cda8      0x218 disk/built-in.o
                0x000000001781cda8                dev_print
 .text.init_part
                0x000000001781cfc0       0x20 disk/built-in.o
                0x000000001781cfc0                init_part
 .text.print_part
                0x000000001781cfe0       0xf8 disk/built-in.o
                0x000000001781cfe0                print_part
 .text.get_partition_info
                0x000000001781d0d8       0x28 disk/built-in.o
                0x000000001781d0d8                get_partition_info
 .text.get_device
                0x000000001781d100      0x12c disk/built-in.o
                0x000000001781d100                get_device
 .text.get_device_and_partition
                0x000000001781d22c      0x3f0 disk/built-in.o
                0x000000001781d22c                get_device_and_partition
 .text.test_block_type
                0x000000001781d61c       0x7c disk/built-in.o
 .text.print_partition_extended
                0x000000001781d698      0x258 disk/built-in.o
 .text.get_partition_info_extended.constprop.2
                0x000000001781d8f0      0x2e4 disk/built-in.o
 .text.test_part_dos
                0x000000001781dbd4       0x5c disk/built-in.o
                0x000000001781dbd4                test_part_dos
 .text.print_part_dos
                0x000000001781dc30       0x34 disk/built-in.o
                0x000000001781dc30                print_part_dos
 .text.get_partition_info_dos
                0x000000001781dc64       0x20 disk/built-in.o
                0x000000001781dc64                get_partition_info_dos
 .text.alloc_priv
                0x000000001781dc84       0x4c drivers/built-in.o
 .text.device_bind
                0x000000001781dcd0      0x30c drivers/built-in.o
                0x000000001781dcd0                device_bind
 .text.device_bind_by_name
                0x000000001781dfdc       0x64 drivers/built-in.o
                0x000000001781dfdc                device_bind_by_name
 .text.device_probe
                0x000000001781e040      0x22c drivers/built-in.o
                0x000000001781e040                device_probe
 .text.dev_get_platdata
                0x000000001781e26c       0x30 drivers/built-in.o
                0x000000001781e26c                dev_get_platdata
 .text.dev_get_priv
                0x000000001781e29c       0x30 drivers/built-in.o
                0x000000001781e29c                dev_get_priv
 .text.lists_driver_lookup_name
                0x000000001781e2cc       0x58 drivers/built-in.o
                0x000000001781e2cc                lists_driver_lookup_name
 .text.lists_uclass_lookup
                0x000000001781e324       0x48 drivers/built-in.o
                0x000000001781e324                lists_uclass_lookup
 .text.lists_bind_drivers
                0x000000001781e36c       0x94 drivers/built-in.o
                0x000000001781e36c                lists_bind_drivers
 .text.dm_root  0x000000001781e400       0x28 drivers/built-in.o
                0x000000001781e400                dm_root
 .text.dm_init  0x000000001781e428       0x58 drivers/built-in.o
                0x000000001781e428                dm_init
 .text.dm_scan_platdata
                0x000000001781e480       0x2c drivers/built-in.o
                0x000000001781e480                dm_scan_platdata
 .text.dm_scan_other
                0x000000001781e4ac        0x8 drivers/built-in.o
                0x000000001781e4ac                dm_scan_other
 .text.dm_init_and_scan
                0x000000001781e4b4       0x30 drivers/built-in.o
                0x000000001781e4b4                dm_init_and_scan
 .text.uclass_find
                0x000000001781e4e4       0x4c drivers/built-in.o
                0x000000001781e4e4                uclass_find
 .text.uclass_get
                0x000000001781e530      0x124 drivers/built-in.o
                0x000000001781e530                uclass_get
 .text.uclass_find_device
                0x000000001781e654       0x74 drivers/built-in.o
                0x000000001781e654                uclass_find_device
 .text.uclass_find_device_by_seq
                0x000000001781e6c8       0x7c drivers/built-in.o
                0x000000001781e6c8                uclass_find_device_by_seq
 .text.uclass_get_device_tail
                0x000000001781e744       0x2c drivers/built-in.o
                0x000000001781e744                uclass_get_device_tail
 .text.uclass_get_device
                0x000000001781e770       0x30 drivers/built-in.o
                0x000000001781e770                uclass_get_device
 .text.uclass_bind_device
                0x000000001781e7a0       0x7c drivers/built-in.o
                0x000000001781e7a0                uclass_bind_device
 .text.uclass_unbind_device
                0x000000001781e81c       0x4c drivers/built-in.o
                0x000000001781e81c                uclass_unbind_device
 .text.uclass_resolve_seq
                0x000000001781e868       0xb0 drivers/built-in.o
                0x000000001781e868                uclass_resolve_seq
 .text.uclass_pre_probe_device
                0x000000001781e918       0x64 drivers/built-in.o
                0x000000001781e918                uclass_pre_probe_device
 .text.uclass_post_probe_device
                0x000000001781e97c       0x28 drivers/built-in.o
                0x000000001781e97c                uclass_post_probe_device
 .text.uclass_pre_remove_device
                0x000000001781e9a4       0x28 drivers/built-in.o
                0x000000001781e9a4                uclass_pre_remove_device
 .text.dm_warn  0x000000001781e9cc       0x28 drivers/built-in.o
                0x000000001781e9cc                dm_warn
 .text.device_free
                0x000000001781e9f4       0x90 drivers/built-in.o
                0x000000001781e9f4                device_free
 .text.device_remove
                0x000000001781ea84      0x138 drivers/built-in.o
                0x000000001781ea84                device_remove
 .text.show_devices
                0x000000001781ebbc       0xfc drivers/built-in.o
 .text.dm_dump_all
                0x000000001781ecb8       0x3c drivers/built-in.o
                0x000000001781ecb8                dm_dump_all
 .text.dm_dump_uclass
                0x000000001781ecf4       0xdc drivers/built-in.o
                0x000000001781ecf4                dm_dump_uclass
 .text.finish_access
                0x000000001781edd0       0x2c drivers/built-in.o
 .text.setup_direct_access
                0x000000001781edfc      0x114 drivers/built-in.o
 .text.prepare_access
                0x000000001781ef10       0xbc drivers/built-in.o
 .text.fuse_bank_physical
                0x000000001781efcc       0xd4 drivers/built-in.o
                0x000000001781efcc                fuse_bank_physical
 .text.fuse_word_physical
                0x000000001781f0a0       0x40 drivers/built-in.o
                0x000000001781f0a0                fuse_word_physical
 .text.fuse_read
                0x000000001781f0e0       0x84 drivers/built-in.o
                0x000000001781f0e0                fuse_read
 .text.fuse_sense
                0x000000001781f164       0x98 drivers/built-in.o
                0x000000001781f164                fuse_sense
 .text.fuse_prog
                0x000000001781f1fc       0x88 drivers/built-in.o
                0x000000001781f1fc                fuse_prog
 .text.fuse_override
                0x000000001781f284       0x7c drivers/built-in.o
                0x000000001781f284                fuse_override
 .text.video_drawchars
                0x000000001781f300      0x480 drivers/built-in.o
 .text.draw_bitmap
                0x000000001781f780       0xe0 drivers/built-in.o
 .text.console_newline.constprop.1
                0x000000001781f860       0xe0 drivers/built-in.o
 .text.video_putc
                0x000000001781f940      0x19c drivers/built-in.o
 .text.video_puts
                0x000000001781fadc       0x80 drivers/built-in.o
 .text.board_cfb_skip
                0x000000001781fb5c        0x8 drivers/built-in.o
                0x000000001781fb5c                board_cfb_skip
 .text.video_set_lut
                0x000000001781fb64        0x4 drivers/built-in.o
                0x000000001781fb64                video_set_lut
 .text.display_rle8_bitmap
                0x000000001781fb68      0x370 drivers/built-in.o
 .text.plot_logo_or_black
                0x000000001781fed8      0x264 drivers/built-in.o
 .text.do_clrlogo
                0x000000001782013c       0x48 drivers/built-in.o
 .text.video_display_bitmap
                0x0000000017820184      0xa48 drivers/built-in.o
                0x0000000017820184                video_display_bitmap
 .text.video_clear
                0x0000000017820bcc       0x54 drivers/built-in.o
                0x0000000017820bcc                video_clear
 .text.drv_video_init
                0x0000000017820c20      0x40c drivers/built-in.o
                0x0000000017820c20                drv_video_init
 .text.mxcfb_map_video_memory
                0x000000001782102c       0x88 drivers/built-in.o
 .text.ipuv3_fb_shutdown
                0x00000000178210b4       0x60 drivers/built-in.o