f_fastboot.c:2289:21:rx_bytes_expected	16	static
f_fastboot.c:2008:13:fastboot_complete	0	static
f_fastboot.c:2059:13:fastboot_disable	8	static
f_fastboot.c:2203:12:fastboot_tx_write_str	24	static
f_fastboot.c:2455:13:cb_continue	0	static
f_fastboot.c:2444:13:cb_boot	0	static
f_fastboot.c:2495:13:cb_oem	8	static
f_fastboot.c:2231:12:strcmp_l1	16	static
f_fastboot.c:2600:13:rx_handler_command	40	static
f_fastboot.c:2078:28:fastboot_start_ep	16	static
f_fastboot.c:2054:13:fastboot_unbind	0	static
f_fastboot.c:1282:12:_fastboot_parts_add_ptable_entry	104	static
f_fastboot.c:2426:13:do_bootm_on_complete	32	static
f_fastboot.c:2208:13:compl_do_reset	0	static
f_fastboot.c:2153:12:fastboot_add	16	static
f_fastboot.c:2397:13:cb_download	96	static
f_fastboot.c:2238:13:cb_getvar	96	static
f_fastboot.c:2450:13:do_exit_on_complete	0	static
f_fastboot.c:2307:13:rx_handler_dl_image	96	static
f_fastboot.c:2547:13:cb_reboot_bootloader	8	static
f_fastboot.c:2016:12:fastboot_bind	24	static
f_fastboot.c:2097:12:fastboot_set_alt	16	static
f_fastboot.c:2518:13:cb_erase	80	static
f_fastboot.c:511:12:7	8	static
f_fastboot.c:1580:6:fastboot_flash_add_ptn	8	static
f_fastboot.c:1306:12:_fastboot_parts_load_from_ptable	296	static
f_fastboot.c:1588:6:fastboot_flash_dump_ptn	24	static
f_fastboot.c:1599:26:fastboot_flash_find_ptn	32	static
f_fastboot.c:1711:5:do_boota	152	static
f_fastboot.c:1616:26:fastboot_flash_get_ptn	0	static
f_fastboot.c:1624:14:fastboot_flash_get_ptn_count	0	static
f_fastboot.c:1633:13:__def_fastboot_setup	0	static
f_fastboot.c:1641:6:fastboot_setup	48	static
f_fastboot.c:1668:6:check_fastboot	8	static
f_fastboot.c:1682:1:bootimg_print_image_hdr	0	static
f_fastboot.c:1996:6:fastboot_fail	16	static
f_fastboot.c:2002:6:fastboot_okay	16	static
f_fastboot.c:816:6:write_sparse_image	72	static
f_fastboot.c:2462:13:cb_flash	368	static
f_fastboot.c:2213:12:fb_set_reboot_flag	0	static
f_fastboot.c:2218:13:cb_reboot	8	static
