f_mass_storage.c:475:13:raise_exception	0	static
f_mass_storage.c:489:12:ep0_queue	8	static
f_mass_storage.c:508:13:bulk_in_complete	16	static
f_mass_storage.c:525:13:bulk_out_complete	16	static
f_mass_storage.c:2280:12:fsg_set_alt	8	static
f_mass_storage.c:2288:13:fsg_disable	0	static
f_mass_storage.c:548:12:fsg_setup	24	static
f_mass_storage.c:2652:13:fsg_unbind	8	static
storage_common.c:598:13:store_cdrom_address	16	static
f_mass_storage.c:451:12:9	8	static
f_mass_storage.c:602:13:11	16	static
f_mass_storage.c:1397:12:16	8	static
f_mass_storage.c:666:12:19	24	static
f_mass_storage.c:702:12:do_read	48	static
f_mass_storage.c:829:12:do_write	56	static
f_mass_storage.c:1616:12:send_status	24	static
f_mass_storage.c:1676:12:20	48	static
f_mass_storage.c:1248:12:22	40	static
f_mass_storage.c:2761:5:fsg_add	40	static
f_mass_storage.c:2189:12:do_set_interface	32	static
f_mass_storage.c:286:13:set_bit	0	static
f_mass_storage.c:296:13:clear_bit	0	static
f_mass_storage.c:2405:5:fsg_main_thread	56	static
f_mass_storage.c:2616:1:usb_copy_descriptors	24	static
f_mass_storage.c:2667:12:fsg_bind	24	static
f_mass_storage.c:2779:5:fsg_init	0	static
