mx6sabresd.c:680:13:enable_lvds	0	static
mx6sabresd.c:226:13:enable_rgb	8	static
mx6sabresd.c:674:13:do_enable_hdmi	0	static
mx6sabresd.c:81:5:dram_init	8	static
mx6sabresd.c:187:5:board_spi_cs_gpio	0	static
mx6sabresd.c:326:5:board_mmc_get_env_dev	0	static
mx6sabresd.c:331:5:mmc_map_to_kernel_blk	0	static
mx6sabresd.c:336:5:board_mmc_getcd	8	static
mx6sabresd.c:356:5:board_mmc_init	16	static
mx6sabresd.c:628:5:mx6_rgmii_rework	16	static
mx6sabresd.c:651:5:board_phy_config	8	static
mx6sabresd.c:813:5:overwrite_console	0	static
mx6sabresd.c:831:5:board_eth_init	8	static
mx6sabresd.c:867:5:board_ehci_hcd_init	0	static
mx6sabresd.c:882:5:board_ehci_power	8	static
mx6sabresd.c:902:5:board_early_init_f	8	static
mx6sabresd.c:913:5:board_init	8	static
mx6sabresd.c:942:5:power_init_board	16	static
mx6sabresd.c:1031:6:ldo_mode_set	24	static
mx6sabresd.c:1150:5:board_late_init	8	static
mx6sabresd.c:1174:5:checkboard	8	static
mx6sabresd.c:1182:6:board_fastboot_setup	8	static
mx6sabresd.c:1229:5:check_recovery_cmd_file	8	static
mx6sabresd.c:1250:6:board_recovery_setup	8	static
